org/example/flink/nexmark/queries/Query8$PersonTimestampAssigner.class
org/example/flink/nexmark/sinks/DummySink$1.class
org/example/partition/entity/AppConfig.class
org/example/flink/nexmark/sinks/DummyLatencyCountingSink.class
org/example/flink/nexmark/queries/Query8$2.class
org/example/flink/wordcount/TwoInputsWordCount$Tokenizer.class
org/example/flink/nexmark/queries/Query1$1.class
org/example/flink/wordcount/RateControlledWordCount.class
org/example/flink/nexmark/queries/Query3.class
org/example/flink/wordcount/StatefulWordCount$CountWords$Count.class
org/example/partition/entity/PartitionConfig.class
org/example/flink/nexmark/queries/Query11$CountBidsPerSession.class
org/example/flink/nexmark/queries/Query3Stateful$2.class
org/example/flink/nexmark/sources/BidSourceFunction.class
org/example/flink/nexmark/sinks/DummySink.class
org/example/flink/nexmark/queries/Query5$1.class
org/example/flink/nexmark/queries/Query8.class
org/example/flink/nexmark/queries/Query3$1.class
org/example/flink/wordcount/StatefulWordCount$Tokenizer.class
org/example/flink/nexmark/sinks/DummyLatencyCountingSink$1.class
org/example/flink/nexmark/sources/AuctionSourceFunction.class
org/example/flink/nexmark/queries/Query5.class
org/example/flink/nexmark/queries/Query2.class
org/example/partition/entity/ResourceConfig.class
org/example/flink/wordcount/TwoInputsWordCount$1.class
org/example/flink/wordcount/StatefulWordCount$CountWords.class
org/example/flink/nexmark/queries/Query11$MaxLogEventsTrigger$Sum.class
org/example/flink/nexmark/queries/Query3$2.class
org/example/flink/common/ConfigTool.class
org/example/flink/nexmark/queries/Query3Stateful$1.class
org/example/flink/nexmark/sources/PersonSourceFunction.class
org/example/flink/wordcount/TwoInputsWordCount.class
org/example/flink/nexmark/queries/Query2$1.class
org/example/flink/nexmark/queries/Query8$3.class
org/example/flink/wordcount/StatefulWordCount.class
org/example/flink/nexmark/queries/Query11.class
org/example/flink/nexmark/queries/Query3Stateful$JoinPersonsWithAuctions.class
org/example/flink/wordcount/sources/DynamicRateSourceFunction.class
org/example/flink/nexmark/queries/Query5$TimestampAssigner.class
org/example/flink/nexmark/queries/Query3$3.class
org/example/flink/nexmark/queries/Query1.class
org/example/flink/nexmark/queries/Query5$CountBids.class
org/example/flink/nexmark/queries/Query11$BidTimestampAssigner.class
org/example/flink/nexmark/queries/Query8$1.class
org/example/flink/wordcount/RateControlledWordCount$Tokenizer.class
org/example/flink/nexmark/queries/Query11$1.class
org/example/flink/nexmark/queries/Query3Stateful.class
org/example/flink/nexmark/queries/Query8$AuctionTimestampAssigner.class
org/example/flink/nexmark/queries/Query3Stateful$3.class
org/example/flink/wordcount/RateControlledWordCount$1.class
org/example/flink/nexmark/queries/Query11$MaxLogEventsTrigger.class
org/example/flink/common/RandomSentenceGenerator.class
org/example/flink/wordcount/sources/RateControlledSourceFunction.class
org/example/flink/nexmark/queries/Query3$JoinPersonsWithAuctions.class
