/Users/zhangjinyang/experiment/CReSt/flink-bencnmark/src/main/java/org/example/flink/nexmark/sinks/DummySink.java
/Users/zhangjinyang/experiment/CReSt/flink-bencnmark/src/main/java/org/example/flink/nexmark/queries/Query2.java
/Users/zhangjinyang/experiment/CReSt/flink-bencnmark/src/main/java/org/example/flink/common/RandomSentenceGenerator.java
/Users/zhangjinyang/experiment/CReSt/flink-bencnmark/src/main/java/org/example/flink/wordcount/sources/RateControlledSourceFunction.java
/Users/zhangjinyang/experiment/CReSt/flink-bencnmark/src/main/java/org/example/flink/nexmark/sources/BidSourceFunction.java
/Users/zhangjinyang/experiment/CReSt/flink-bencnmark/src/main/java/org/example/flink/nexmark/queries/Query3Stateful.java
/Users/zhangjinyang/experiment/CReSt/flink-bencnmark/src/main/java/org/example/flink/nexmark/queries/Query5.java
/Users/zhangjinyang/experiment/CReSt/flink-bencnmark/src/main/java/org/example/flink/nexmark/queries/Query8.java
/Users/zhangjinyang/experiment/CReSt/flink-bencnmark/src/main/java/org/example/flink/wordcount/StatefulWordCount.java
/Users/zhangjinyang/experiment/CReSt/flink-bencnmark/src/main/java/org/example/flink/nexmark/queries/Query3.java
/Users/zhangjinyang/experiment/CReSt/flink-bencnmark/src/main/java/org/example/flink/nexmark/queries/Query11.java
/Users/zhangjinyang/experiment/CReSt/flink-bencnmark/src/main/java/org/example/flink/wordcount/sources/DynamicRateSourceFunction.java
/Users/zhangjinyang/experiment/CReSt/flink-bencnmark/src/main/java/org/example/partition/entity/ResourceConfig.java
/Users/zhangjinyang/experiment/CReSt/flink-bencnmark/src/main/java/org/example/flink/nexmark/sinks/DummyLatencyCountingSink.java
/Users/zhangjinyang/experiment/CReSt/flink-bencnmark/src/main/java/org/example/partition/entity/AppConfig.java
/Users/zhangjinyang/experiment/CReSt/flink-bencnmark/src/main/java/org/example/flink/nexmark/sources/AuctionSourceFunction.java
/Users/zhangjinyang/experiment/CReSt/flink-bencnmark/src/main/java/org/example/flink/common/ConfigTool.java
/Users/zhangjinyang/experiment/CReSt/flink-bencnmark/src/main/java/org/example/flink/wordcount/TwoInputsWordCount.java
/Users/zhangjinyang/experiment/CReSt/flink-bencnmark/src/main/java/org/example/flink/nexmark/queries/Query1.java
/Users/zhangjinyang/experiment/CReSt/flink-bencnmark/src/main/java/org/example/partition/entity/PartitionConfig.java
/Users/zhangjinyang/experiment/CReSt/flink-bencnmark/src/main/java/org/example/flink/wordcount/RateControlledWordCount.java
/Users/zhangjinyang/experiment/CReSt/flink-bencnmark/src/main/java/org/example/flink/nexmark/sources/PersonSourceFunction.java
